[
  {
    "id": 1,
    "firstName": "Damián",
    "middleName": "Emiliano",
    "lastName": "Martínez",
    "dateOfBirth": "1992-09-02T01:00:00+01:00",
    "squadNumber": 23,
    "position": "Goalkeeper",
    "abbrPosition": "GK",
    "team": "Aston Villa FC",
    "league": "Premier League",
    "starting11": false
  },
  {
    "id": 2,
    "firstName": "Nahuel",
    "middleName": null,
    "lastName": "Molina",
    "dateOfBirth": "1998-04-06T01:00:00+01:00",
    "squadNumber": 26,
    "position": "Right-Back",
    "abbrPosition": "RB",
    "team": "Atlético Madrid",
    "league": "La Liga",
    "starting11": false
  },
  {
    "id": 3,
    "firstName": "Cristian",
    "middleName": "Gabriel",
    "lastName": "Romero",
    "dateOfBirth": "1998-04-27T01:00:00+01:00",
    "squadNumber": 13,
    "position": "Centre-Back",
    "abbrPosition": "CB",
    "team": "Tottenham Hotspur",
    "league": "Premier League",
    "starting11": false
  },
  {
    "id": 4,
    "firstName": "Nicolás",
    "middleName": "Hernán Gonzalo",
    "lastName": "Otamendi",
    "dateOfBirth": "1988-02-12T00:00:00+00:00",
    "squadNumber": 19,
    "position": "Centre-Back",
    "abbrPosition": "CB",
    "team": "SL Benfica",
    "league": "Liga Portugal",
    "starting11": false
  },
  {
    "id": 5,
    "firstName": "Nicolás",
    "middleName": "Alejandro",
    "lastName": "Tagliafico",
    "dateOfBirth": "1992-08-31T01:00:00+01:00",
    "squadNumber": 3,
    "position": "Left-Back",
    "abbrPosition": "LB",
    "team": "Olympique Lyon",
    "league": "Ligue 1",
    "starting11": false
  },
  {
    "id": 6,
    "firstName": "Ángel",
    "middleName": "Fabián",
    "lastName": "Di María",
    "dateOfBirth": "1988-02-14T00:00:00+00:00",
    "squadNumber": 11,
    "position": "Right Winger",
    "abbrPosition": "LW",
    "team": "SL Benfica",
    "league": "Liga Portugal",
    "starting11": false
  },
  {
    "id": 7,
    "firstName": "Rodrigo",
    "middleName": "Javier",
    "lastName": "de Paul",
    "dateOfBirth": "1994-05-24T01:00:00+01:00",
    "squadNumber": 7,
    "position": "Central Midfield",
    "abbrPosition": "CM",
    "team": "Atlético Madrid",
    "league": "La Liga",
    "starting11": false
  },
  {
    "id": 8,
    "firstName": "Enzo",
    "middleName": "Jeremías",
    "lastName": "Fernández",
    "dateOfBirth": "2001-01-17T00:00:00+00:00",
    "squadNumber": 24,
    "position": "Central Midfield",
    "abbrPosition": "CM",
    "team": "Chelsea FC",
    "league": "Premier League",
    "starting11": false
  },
  {
    "id": 9,
    "firstName": "Alexis",
    "middleName": null,
    "lastName": "Mac Allister",
    "dateOfBirth": "1998-12-24T00:00:00+00:00",
    "squadNumber": 20,
    "position": "Central Midfield",
    "abbrPosition": "CM",
    "team": "Liverpool FC",
    "league": "Premier League",
    "starting11": false
  },
  {
    "id": 10,
    "firstName": "Lionel",
    "middleName": "Andrés",
    "lastName": "Messi",
    "dateOfBirth": "1987-06-24T01:00:00+01:00",
    "squadNumber": 10,
    "position": "Right Winger",
    "abbrPosition": "RW",
    "team": "Inter Miami CF",
    "league": "Major League Soccer",
    "starting11": false
  },
  {
    "id": 11,
    "firstName": "Julián",
    "middleName": null,
    "lastName": "Álvarez",
    "dateOfBirth": "2000-01-31T00:00:00+00:00",
    "squadNumber": 9,
    "position": "Centre-Forward",
    "abbrPosition": "CF",
    "team": "Manchester City",
    "league": "Premier League",
    "starting11": false
  },
  {
    "id": 12,
    "firstName": "Harvey",
    "middleName": "The Power",
    "lastName": "Sembhy",
    "dateOfBirth": "1066-06-06T14:30:23.234",
    "squadNumber": 69,
    "position": "Everywhere",
    "abbrPosition": "EW",
    "team": "Ninja Warriors",
    "league": "Answer under 1100s",
    "starting11": false
  }
]
